test log line 1
